// Jest Snapshot v1, https://goo.gl/fbAQLP

exports[`Test GifGrid should render GifGrid component 1`] = `
<Fragment>
  <h2
    className="animate__animated animate__fadeIn"
  >
    gif
  </h2>
  <p
    className="animate__animated animate__flash"
  >
    Loading...
  </p>
  <div
    className="card-grid"
  />
</Fragment>
`;
